=== 私年表アプリ テスト結果 ===

テスト日時: 2025-06-17
テスト用生年月日: 1964-09-29

1. サーバー起動確認
✅ Next.js開発サーバーが正常に起動 (http://localhost:3000)
✅ APIエンドポイントが応答

2. API機能テスト
✅ 生年月日「1964-09-29」でのテスト実行
✅ APIレスポンス正常受信

3. 同じ誕生日の有名人
確認された有名人:
- 三船敏郎 (1920年9月29日) - 俳優。『椿三十郎』『子連れ狼』などに出演。
- 桑田佳祐 (1959年9月29日) - ミュージシャン。サザンオールスターズのボーカリスト。

4. 年表の内容確認
✅ 1964年東京オリンピック開催 (ハイライト表示)
✅ 1970年大阪万博開催 (ハイライト表示)
✅ 歴史的出来事が適切に年代順で表示
✅ 誕生記述が年表から削除されている（誕生に関する記述なし）

5. UIデザイン要素確認 (コードレビュー)
✅ グラデーション背景 (bg-gradient-to-br from-blue-50 via-white to-purple-50)
✅ タイトルのグラデーション文字 (bg-gradient-to-r from-blue-600 to-purple-600 bg-clip-text text-transparent)
✅ フォームのカードスタイル (bg-white rounded-2xl shadow-lg)
✅ ボタンのアニメーション (hover:-translate-y-0.5, transform, transition-all)
✅ 絵文字アイコンの表示 (📅, ✨, 🌟, 📚, etc.)
✅ 有名人カードの新しいデザイン (アバター風アイコン、ホバー効果)
✅ 年表のカラフルなバッジ表示 (blue-100/blue-800, purple-100/purple-800)

6. 機能的改善点確認
✅ Claude APIを使用 (GPT-3.5-turboからの変更)
✅ レート制限対策とリトライ機能実装
✅ エラーハンドリングの改善
✅ ハイドレーションエラー対策 (mounted state使用)

テスト結果: 全項目が正常に動作しています！